<!DOCTYPE html>
<html >
<head>
    
</head>
<body>
    <div id="_golden-dev-root"></div>
    
</body>
</html>